------------------------------------------------------------
Timing Analyzer Summary
------------------------------------------------------------

Type  : Slow 1200mV 85C Model Setup 'CLK'
Slack : -4.337
TNS   : -53.684

Type  : Slow 1200mV 85C Model Setup 'slow_clk'
Slack : -0.539
TNS   : -0.718

Type  : Slow 1200mV 85C Model Hold 'slow_clk'
Slack : 0.348
TNS   : 0.000

Type  : Slow 1200mV 85C Model Hold 'CLK'
Slack : 0.419
TNS   : 0.000

Type  : Slow 1200mV 85C Model Minimum Pulse Width 'CLK'
Slack : -3.000
TNS   : -39.478

Type  : Slow 1200mV 85C Model Minimum Pulse Width 'slow_clk'
Slack : -1.403
TNS   : -8.418

Type  : Slow 1200mV 0C Model Setup 'CLK'
Slack : -3.931
TNS   : -46.757

Type  : Slow 1200mV 0C Model Setup 'slow_clk'
Slack : -0.405
TNS   : -0.432

Type  : Slow 1200mV 0C Model Hold 'slow_clk'
Slack : 0.311
TNS   : 0.000

Type  : Slow 1200mV 0C Model Hold 'CLK'
Slack : 0.387
TNS   : 0.000

Type  : Slow 1200mV 0C Model Minimum Pulse Width 'CLK'
Slack : -3.000
TNS   : -39.478

Type  : Slow 1200mV 0C Model Minimum Pulse Width 'slow_clk'
Slack : -1.403
TNS   : -8.418

Type  : Fast 1200mV 0C Model Setup 'CLK'
Slack : -1.364
TNS   : -8.349

Type  : Fast 1200mV 0C Model Setup 'slow_clk'
Slack : 0.352
TNS   : 0.000

Type  : Fast 1200mV 0C Model Hold 'slow_clk'
Slack : 0.152
TNS   : 0.000

Type  : Fast 1200mV 0C Model Hold 'CLK'
Slack : 0.166
TNS   : 0.000

Type  : Fast 1200mV 0C Model Minimum Pulse Width 'CLK'
Slack : -3.000
TNS   : -29.828

Type  : Fast 1200mV 0C Model Minimum Pulse Width 'slow_clk'
Slack : -1.000
TNS   : -6.000

------------------------------------------------------------
