------------------------------------------------------------
Timing Analyzer Summary
------------------------------------------------------------

Type  : Slow 1200mV 85C Model Setup 'CLK'
Slack : -4.617
TNS   : -54.393

Type  : Slow 1200mV 85C Model Setup 'clk1Hz'
Slack : -0.024
TNS   : -0.078

Type  : Slow 1200mV 85C Model Hold 'clk1Hz'
Slack : 0.348
TNS   : 0.000

Type  : Slow 1200mV 85C Model Hold 'CLK'
Slack : 0.631
TNS   : 0.000

Type  : Slow 1200mV 85C Model Minimum Pulse Width 'CLK'
Slack : -3.000
TNS   : -39.478

Type  : Slow 1200mV 85C Model Minimum Pulse Width 'clk1Hz'
Slack : -1.403
TNS   : -21.045

Type  : Slow 1200mV 0C Model Setup 'CLK'
Slack : -4.214
TNS   : -47.260

Type  : Slow 1200mV 0C Model Setup 'clk1Hz'
Slack : 0.061
TNS   : 0.000

Type  : Slow 1200mV 0C Model Hold 'clk1Hz'
Slack : 0.312
TNS   : 0.000

Type  : Slow 1200mV 0C Model Hold 'CLK'
Slack : 0.584
TNS   : 0.000

Type  : Slow 1200mV 0C Model Minimum Pulse Width 'CLK'
Slack : -3.000
TNS   : -39.478

Type  : Slow 1200mV 0C Model Minimum Pulse Width 'clk1Hz'
Slack : -1.403
TNS   : -21.045

Type  : Fast 1200mV 0C Model Setup 'CLK'
Slack : -1.461
TNS   : -8.789

Type  : Fast 1200mV 0C Model Setup 'clk1Hz'
Slack : 0.567
TNS   : 0.000

Type  : Fast 1200mV 0C Model Hold 'clk1Hz'
Slack : 0.152
TNS   : 0.000

Type  : Fast 1200mV 0C Model Hold 'CLK'
Slack : 0.244
TNS   : 0.000

Type  : Fast 1200mV 0C Model Minimum Pulse Width 'CLK'
Slack : -3.000
TNS   : -29.951

Type  : Fast 1200mV 0C Model Minimum Pulse Width 'clk1Hz'
Slack : -1.000
TNS   : -15.000

------------------------------------------------------------
